// Jest Snapshot v1, https://goo.gl/fbAQLP

exports[`PageHeader component renders correctly 1`] = `
<div
  className="mp--page-header"
>
  <h1 />
</div>
`;
