// Jest Snapshot v1, https://goo.gl/fbAQLP

exports[`Testing out the Button component if the button renders correctly 1`] = `
<button
  className="mp--button medium mp--button-primary"
  onClick={[Function]}
>
  Button Text
</button>
`;
